Change Component Comment : Designator=C3 Old Comment=4.7uF New Comment=4,7uF
Change Component Comment : Designator=C5 Old Comment=4.7uF New Comment=4,7uF
Change component parameters: Designator = "C3" ("C3"); Footprint = "C0805"; UniqueID = "\UYZTIFBT" ("\UYZTIFBT")
Change component parameters (AddParameter): Name = "Datasheet"; Value = "https://www.yageogroup.com/content/datasheet/asset/file/KEM_C1002_X7R_SMD"; VariantName = "[No Variations]"
Change component parameters (AddParameter): Name = "Info"; Value = "25V 5% X7R"; VariantName = "[No Variations]"
Change component parameters (AddParameter): Name = "Manufacturer"; Value = "KEMET"; VariantName = "[No Variations]"
Change component parameters (AddParameter): Name = "Manufacturer P/N"; Value = "C0805C475J3RACTU"; VariantName = "[No Variations]"
Change component parameters (AddParameter): Name = "RefDes"; Value = "RefDes"; VariantName = "[No Variations]"
Change component parameters (AddParameter): Name = "Supplier"; Value = "Digikey"; VariantName = "[No Variations]"
Change component parameters (AddParameter): Name = "Supplier P/N (CT)"; Value = "399-C0805C475J3RACTUCT-ND"; VariantName = "[No Variations]"
Change component parameters (AddParameter): Name = "Supplier P/N (TR)"; Value = "399-C0805C475J3RACTUTR-ND"; VariantName = "[No Variations]"
Change component parameters (AddParameter): Name = "Supplier Web Page"; Value = "https://www.digikey.com.br/pt/products/detail/kemet/C0805C475J3RACTU/12700961"; VariantName = "[No Variations]"
Change component parameters (AddParameter): Name = "Value"; Value = "4,7uF"; VariantName = "[No Variations]"
Change component parameters: Designator = "C5" ("C5"); Footprint = "C0805"; UniqueID = "\TINLZJNC" ("\TINLZJNC")
Change component parameters (AddParameter): Name = "Datasheet"; Value = "https://www.yageogroup.com/content/datasheet/asset/file/KEM_C1002_X7R_SMD"; VariantName = "[No Variations]"
Change component parameters (AddParameter): Name = "Info"; Value = "25V 5% X7R"; VariantName = "[No Variations]"
Change component parameters (AddParameter): Name = "Manufacturer"; Value = "KEMET"; VariantName = "[No Variations]"
Change component parameters (AddParameter): Name = "Manufacturer P/N"; Value = "C0805C475J3RACTU"; VariantName = "[No Variations]"
Change component parameters (AddParameter): Name = "RefDes"; Value = "RefDes"; VariantName = "[No Variations]"
Change component parameters (AddParameter): Name = "Supplier"; Value = "Digikey"; VariantName = "[No Variations]"
Change component parameters (AddParameter): Name = "Supplier P/N (CT)"; Value = "399-C0805C475J3RACTUCT-ND"; VariantName = "[No Variations]"
Change component parameters (AddParameter): Name = "Supplier P/N (TR)"; Value = "399-C0805C475J3RACTUTR-ND"; VariantName = "[No Variations]"
Change component parameters (AddParameter): Name = "Supplier Web Page"; Value = "https://www.digikey.com.br/pt/products/detail/kemet/C0805C475J3RACTU/12700961"; VariantName = "[No Variations]"
Change component parameters (AddParameter): Name = "Value"; Value = "4,7uF"; VariantName = "[No Variations]"
